warning: method `name` is never used
  --> src/engine.rs:10:8
   |
 9 | pub trait Engine {
   |           ------ method in this trait
10 |     fn name(&self) -> &'static str;
   |        ^^^^
   |
   = note: `#[warn(dead_code)]` (part of `#[warn(unused)]`) on by default

warning: `screening` (bin "screening") generated 1 warning
    Finished `release` profile [optimized] target(s) in 0.19s
     Running `target/release/screening S M`
=== smoke tests (fresh instances) ===
  grafeo   CRUD smoke: PASS
  grafeo   temporal micro-fixture: PASS (q1: FALLBACK 6 fixed-depth statements; count client-side [probe: composite {0,5} ERROR: grafeo: syntax error: [GQL] Expected RETURN, FINISH, or SELECT
  --> query:1:49
   |
 1 | MATCH (p:Person {id: 0})-[m:member_of]->(g0:Grp)((qa:Grp)-[qr:subgroup_of]->(qb:Grp) WHERE qr.valid_from <= 604800 AND qr.valid_to >= 604800){0,5}(g:Grp)-[x:expects]->(e:Event) WHERE m.valid_from <= 604800 AND m.valid_to >= 604800 AND x.valid_from <= 604800 AND x.valid_to >= 604800 RETURN DISTINCT e.id
   |                                                 ^ (query: MATCH (p:Person {id: 0})-[m:member_of]->(g0:Grp)((qa:Grp)-[qr:subgroup_of]->(qb:Grp) WHERE qr.valid_from <= 604800 AND qr.valid_to >= 604800){0,5}(g:Grp)-[x:expects]->(e:Event) WHERE m.valid_from <= 604800 AND m.valid_to >= 604800 AND x.valid_from <= 604800 AND x.valid_to >= 604800 RETURN DISTINCT e.id); union-quant {1,5} ERROR: grafeo: syntax error: [GQL] Expected RETURN, FINISH, or SELECT
  --> query:1:49
   |
 1 | MATCH (p:Person {id: 0})-[m:member_of]->(g0:Grp)((qa:Grp)-[qr:subgroup_of]->(qb:Grp) WHERE qr.valid_from <= 604800 AND qr.valid_to >= 604800){1,5}(g:Grp)-[x:expects]->(e:Event) WHERE m.valid_from <= 604800 AND m.valid_to >= 604800 AND x.valid_from <= 604800 AND x.valid_to >= 604800 RETURN DISTINCT e.id
   |                                                 ^ (query: MATCH (p:Person {id: 0})-[m:member_of]->(g0:Grp)((qa:Grp)-[qr:subgroup_of]->(qb:Grp) WHERE qr.valid_from <= 604800 AND qr.valid_to >= 604800){1,5}(g:Grp)-[x:expects]->(e:Event) WHERE m.valid_from <= 604800 AND m.valid_to >= 604800 AND x.valid_from <= 604800 AND x.valid_to >= 604800 RETURN DISTINCT e.id)])
  agdb     CRUD smoke: PASS
  agdb     temporal micro-fixture: PASS (q2 pair-join and q7b per-event union computed in Rust (builder has no join surface); q2 count-only ~= materialised by construction)
  cozo     CRUD smoke: PASS
  cozo     temporal micro-fixture: PASS (mem engine; q1 depth bound via explicit counter d<=5; attends:by_event index used explicitly in q7b (ix_att_e parity))

=== SCALE S — persons=100 events=200 groups=10 member_of=210 subgroup_of=9 expects=37 attends=1000 (ChaCha8 seed 42) ===
  grafeo   load:       1.5 ms
  agdb     load:       5.3 ms
  cozo     load:       2.9 ms
  differential: IDENTICAL result sets across 3 engines, 10 pids x q1/q2/q7b (aggregate rows compared: q1=125 q2=2 q7b=122)

  query (pid=7)                                  grafeo                           agdb                           cozo
  ---------------------------------------------------------------------------------------------------------------------
  q1 materialised             0.21/0.24      n=12 h=6dc4d9e42c999740      0.05/0.05      n=12 h=6dc4d9e42c999740      0.62/0.67      n=12 h=6dc4d9e42c999740
  q2 materialised             0.62/0.70      n=0 h=bd60acb658c79e45      0.01/0.02      n=0 h=bd60acb658c79e45      0.13/0.15      n=0 h=bd60acb658c79e45
  q7b materialised            0.09/0.10      n=19 h=aeaf0a93f9d417df      0.04/0.05      n=19 h=aeaf0a93f9d417df      0.24/0.36      n=19 h=aeaf0a93f9d417df
  q1 count-only                 0.21/0.22      count=12        0.04/0.04      count=12        0.43/0.45      count=12
  q2 count-only                  0.58/0.67      count=0         0.01/0.02      count=0         0.11/0.12      count=0
  q7b count-only                0.08/0.10      count=19        0.03/0.03      count=19        0.14/0.26      count=19

  load summary: grafeo=2ms  agdb=5ms  cozo=3ms
  note[grafeo]: q1: FALLBACK 6 fixed-depth statements; count client-side [probe: composite {0,5} ERROR: grafeo: syntax error: [GQL] Expected RETURN, FINISH, or SELECT
  --> query:1:49
   |
 1 | MATCH (p:Person {id: 0})-[m:member_of]->(g0:Grp)((qa:Grp)-[qr:subgroup_of]->(qb:Grp) WHERE qr.valid_from <= 604800 AND qr.valid_to >= 604800){0,5}(g:Grp)-[x:expects]->(e:Event) WHERE m.valid_from <= 604800 AND m.valid_to >= 604800 AND x.valid_from <= 604800 AND x.valid_to >= 604800 RETURN DISTINCT e.id
   |                                                 ^ (query: MATCH (p:Person {id: 0})-[m:member_of]->(g0:Grp)((qa:Grp)-[qr:subgroup_of]->(qb:Grp) WHERE qr.valid_from <= 604800 AND qr.valid_to >= 604800){0,5}(g:Grp)-[x:expects]->(e:Event) WHERE m.valid_from <= 604800 AND m.valid_to >= 604800 AND x.valid_from <= 604800 AND x.valid_to >= 604800 RETURN DISTINCT e.id); union-quant {1,5} ERROR: grafeo: syntax error: [GQL] Expected RETURN, FINISH, or SELECT
  --> query:1:49
   |
 1 | MATCH (p:Person {id: 0})-[m:member_of]->(g0:Grp)((qa:Grp)-[qr:subgroup_of]->(qb:Grp) WHERE qr.valid_from <= 604800 AND qr.valid_to >= 604800){1,5}(g:Grp)-[x:expects]->(e:Event) WHERE m.valid_from <= 604800 AND m.valid_to >= 604800 AND x.valid_from <= 604800 AND x.valid_to >= 604800 RETURN DISTINCT e.id
   |                                                 ^ (query: MATCH (p:Person {id: 0})-[m:member_of]->(g0:Grp)((qa:Grp)-[qr:subgroup_of]->(qb:Grp) WHERE qr.valid_from <= 604800 AND qr.valid_to >= 604800){1,5}(g:Grp)-[x:expects]->(e:Event) WHERE m.valid_from <= 604800 AND m.valid_to >= 604800 AND x.valid_from <= 604800 AND x.valid_to >= 604800 RETURN DISTINCT e.id)]
  note[agdb]: q2 pair-join and q7b per-event union computed in Rust (builder has no join surface); q2 count-only ~= materialised by construction
  note[cozo]: mem engine; q1 depth bound via explicit counter d<=5; attends:by_event index used explicitly in q7b (ix_att_e parity)

=== SCALE M — persons=2000 events=2000 groups=60 member_of=4018 subgroup_of=59 expects=303 attends=100000 (ChaCha8 seed 42) ===
  grafeo   load:      78.9 ms
  agdb     load:     198.0 ms
  cozo     load:     142.1 ms
  differential: IDENTICAL result sets across 3 engines, 10 pids x q1/q2/q7b (aggregate rows compared: q1=196 q2=114 q7b=4885)

  query (pid=7)                                  grafeo                           agdb                           cozo
  ---------------------------------------------------------------------------------------------------------------------
  q1 materialised             0.30/0.34      n=0 h=bd60acb658c79e45      0.05/0.05      n=0 h=bd60acb658c79e45      0.16/0.19      n=0 h=bd60acb658c79e45
  q2 materialised            36.27/36.92     n=10 h=17a2336f0be5a9a8      0.05/0.08      n=10 h=17a2336f0be5a9a8      0.94/1.01      n=10 h=17a2336f0be5a9a8
  q7b materialised            1.98/2.37      n=355 h=395318b2c2cf730c      0.33/0.57      n=355 h=395318b2c2cf730c      0.27/0.36      n=355 h=395318b2c2cf730c
  q1 count-only                  0.31/0.34      count=0         0.05/0.05      count=0         0.16/0.17      count=0
  q2 count-only                36.76/38.09     count=10        0.05/0.08      count=10        0.79/0.88      count=10
  q7b count-only               1.95/2.30      count=355       0.27/0.52      count=355       0.25/0.28      count=355

  load summary: grafeo=79ms  agdb=198ms  cozo=142ms
  note[grafeo]: q1: FALLBACK 6 fixed-depth statements; count client-side [probe: composite {0,5} ERROR: grafeo: syntax error: [GQL] Expected RETURN, FINISH, or SELECT
  --> query:1:49
   |
 1 | MATCH (p:Person {id: 0})-[m:member_of]->(g0:Grp)((qa:Grp)-[qr:subgroup_of]->(qb:Grp) WHERE qr.valid_from <= 604800 AND qr.valid_to >= 604800){0,5}(g:Grp)-[x:expects]->(e:Event) WHERE m.valid_from <= 604800 AND m.valid_to >= 604800 AND x.valid_from <= 604800 AND x.valid_to >= 604800 RETURN DISTINCT e.id
   |                                                 ^ (query: MATCH (p:Person {id: 0})-[m:member_of]->(g0:Grp)((qa:Grp)-[qr:subgroup_of]->(qb:Grp) WHERE qr.valid_from <= 604800 AND qr.valid_to >= 604800){0,5}(g:Grp)-[x:expects]->(e:Event) WHERE m.valid_from <= 604800 AND m.valid_to >= 604800 AND x.valid_from <= 604800 AND x.valid_to >= 604800 RETURN DISTINCT e.id); union-quant {1,5} ERROR: grafeo: syntax error: [GQL] Expected RETURN, FINISH, or SELECT
  --> query:1:49
   |
 1 | MATCH (p:Person {id: 0})-[m:member_of]->(g0:Grp)((qa:Grp)-[qr:subgroup_of]->(qb:Grp) WHERE qr.valid_from <= 604800 AND qr.valid_to >= 604800){1,5}(g:Grp)-[x:expects]->(e:Event) WHERE m.valid_from <= 604800 AND m.valid_to >= 604800 AND x.valid_from <= 604800 AND x.valid_to >= 604800 RETURN DISTINCT e.id
   |                                                 ^ (query: MATCH (p:Person {id: 0})-[m:member_of]->(g0:Grp)((qa:Grp)-[qr:subgroup_of]->(qb:Grp) WHERE qr.valid_from <= 604800 AND qr.valid_to >= 604800){1,5}(g:Grp)-[x:expects]->(e:Event) WHERE m.valid_from <= 604800 AND m.valid_to >= 604800 AND x.valid_from <= 604800 AND x.valid_to >= 604800 RETURN DISTINCT e.id)]
  note[agdb]: q2 pair-join and q7b per-event union computed in Rust (builder has no join surface); q2 count-only ~= materialised by construction
  note[cozo]: mem engine; q1 depth bound via explicit counter d<=5; attends:by_event index used explicitly in q7b (ix_att_e parity)
